This file contains any messages produced by compilers while
running configure, to aid debugging if configure makes a mistake.

It was created by libpng configure 1.6.37, which was
generated by GNU Autoconf 2.69.  Invocation command line was

  $ /home/muya/Projects/sm_m/pack_dir/.buildozer/android/platform/build-arm64-v8a_armeabi-v7a/build/other_builds/png/armeabi-v7a__ndk_target_21/png/configure --host=arm-linux-androideabi --target=arm-linux-androideabi --disable-static --enable-shared --prefix=/home/muya/Projects/sm_m/pack_dir/.buildozer/android/platform/build-arm64-v8a_armeabi-v7a/build/other_builds/png/armeabi-v7a__ndk_target_21/png/install

## --------- ##
## Platform. ##
## --------- ##

hostname = latitude-5490
uname -m = x86_64
uname -r = 6.8.0-57-generic
uname -s = Linux
uname -v = #59-Ubuntu SMP PREEMPT_DYNAMIC Sat Mar 15 17:40:59 UTC 2025

/usr/bin/uname -p = x86_64
/bin/uname -X     = unknown

/bin/arch              = x86_64
/usr/bin/arch -k       = unknown
/usr/convex/getsysinfo = unknown
/usr/bin/hostinfo      = unknown
/bin/machine           = unknown
/usr/bin/oslevel       = unknown
/bin/universe          = unknown

PATH: /home/muya/.buildozer/android/platform/android-ndk-r25b/toolchains/llvm/prebuilt/linux-x86_64/bin
PATH: /home/muya/.buildozer/android/platform/android-ndk-r25b
PATH: /home/muya/.buildozer/android/platform/android-sdk/tools
PATH: /home/muya/.buildozer/android/platform/apache-ant-1.9.4/bin
PATH: /home/muya/Projects/sm_m/virtual/bin
PATH: /usr/local/sbin
PATH: /usr/local/bin
PATH: /usr/sbin
PATH: /usr/bin
PATH: /sbin
PATH: /bin
PATH: /usr/games
PATH: /usr/local/games
PATH: /snap/bin
PATH: /snap/bin


## ----------- ##
## Core tests. ##
## ----------- ##

configure:2358: checking for a BSD-compatible install
configure:2426: result: /usr/bin/install -c
configure:2437: checking whether build environment is sane
configure:2492: result: yes
configure:2551: checking for arm-linux-androideabi-strip
configure:2578: result: /home/muya/.buildozer/android/platform/android-ndk-r25b/toolchains/llvm/prebuilt/linux-x86_64/bin/llvm-strip --strip-unneeded
configure:2643: checking for a thread-safe mkdir -p
configure:2682: result: /usr/bin/mkdir -p
configure:2689: checking for gawk
configure:2719: result: no
configure:2689: checking for mawk
configure:2705: found /usr/bin/mawk
configure:2716: result: mawk
configure:2727: checking whether make -j8 sets $(MAKE)
configure:2749: result: yes
configure:2778: checking whether make -j8 supports nested variables
configure:2795: result: yes
configure:2925: checking whether to enable maintainer-specific portions of Makefiles
configure:2934: result: no
configure:2974: checking for arm-linux-androideabi-gcc
configure:3001: result: /home/muya/.buildozer/android/platform/android-ndk-r25b/toolchains/llvm/prebuilt/linux-x86_64/bin/clang -target armv7a-linux-androideabi21 -fomit-frame-pointer -march=armv7-a -mfloat-abi=softfp -mfpu=vfp -mthumb -fPIC
configure:3270: checking for C compiler version
configure:3279: /home/muya/.buildozer/android/platform/android-ndk-r25b/toolchains/llvm/prebuilt/linux-x86_64/bin/clang -target armv7a-linux-androideabi21 -fomit-frame-pointer -march=armv7-a -mfloat-abi=softfp -mfpu=vfp -mthumb -fPIC --version >&5
Android (8490178, based on r450784d) clang version 14.0.6 (https://android.googlesource.com/toolchain/llvm-project 4c603efb0cca074e9238af8b4106c30add4418f6)
Target: armv7a-unknown-linux-android21
Thread model: posix
InstalledDir: /home/muya/.buildozer/android/platform/android-ndk-r25b/toolchains/llvm/prebuilt/linux-x86_64/bin
configure:3290: $? = 0
configure:3279: /home/muya/.buildozer/android/platform/android-ndk-r25b/toolchains/llvm/prebuilt/linux-x86_64/bin/clang -target armv7a-linux-androideabi21 -fomit-frame-pointer -march=armv7-a -mfloat-abi=softfp -mfpu=vfp -mthumb -fPIC -v >&5
Android (8490178, based on r450784d) clang version 14.0.6 (https://android.googlesource.com/toolchain/llvm-project 4c603efb0cca074e9238af8b4106c30add4418f6)
Target: armv7a-unknown-linux-android21
Thread model: posix
InstalledDir: /home/muya/.buildozer/android/platform/android-ndk-r25b/toolchains/llvm/prebuilt/linux-x86_64/bin
clang-14: warning: argument unused during compilation: '-fomit-frame-pointer' [-Wunused-command-line-argument]
clang-14: warning: argument unused during compilation: '-mfloat-abi=softfp' [-Wunused-command-line-argument]
clang-14: warning: argument unused during compilation: '-mfpu=vfp' [-Wunused-command-line-argument]
clang-14: warning: argument unused during compilation: '-mthumb' [-Wunused-command-line-argument]
clang-14: warning: argument unused during compilation: '-fPIC' [-Wunused-command-line-argument]
configure:3290: $? = 0
configure:3279: /home/muya/.buildozer/android/platform/android-ndk-r25b/toolchains/llvm/prebuilt/linux-x86_64/bin/clang -target armv7a-linux-androideabi21 -fomit-frame-pointer -march=armv7-a -mfloat-abi=softfp -mfpu=vfp -mthumb -fPIC -V >&5
clang-14: error: argument to '-V' is missing (expected 1 value)
clang-14: error: no input files
configure:3290: $? = 1
configure:3279: /home/muya/.buildozer/android/platform/android-ndk-r25b/toolchains/llvm/prebuilt/linux-x86_64/bin/clang -target armv7a-linux-androideabi21 -fomit-frame-pointer -march=armv7-a -mfloat-abi=softfp -mfpu=vfp -mthumb -fPIC -qversion >&5
clang-14: error: unknown argument '-qversion'; did you mean '--version'?
clang-14: error: no input files
configure:3290: $? = 1
configure:3310: checking whether the C compiler works
configure:3332: /home/muya/.buildozer/android/platform/android-ndk-r25b/toolchains/llvm/prebuilt/linux-x86_64/bin/clang -target armv7a-linux-androideabi21 -fomit-frame-pointer -march=armv7-a -mfloat-abi=softfp -mfpu=vfp -mthumb -fPIC -target armv7a-linux-androideabi21 -fomit-frame-pointer -march=armv7-a -mfloat-abi=softfp -mfpu=vfp -mthumb -fPIC -DANDROID -I/home/muya/.buildozer/android/platform/android-ndk-r25b/toolchains/llvm/prebuilt/linux-x86_64/sysroot/usr/include -I/home/muya/Projects/sm_m/pack_dir/.buildozer/android/platform/build-arm64-v8a_armeabi-v7a/build/python-installs/sherehemall/armeabi-v7a/include/python3.1   -L/home/muya/Projects/sm_m/pack_dir/.buildozer/android/platform/build-arm64-v8a_armeabi-v7a/build/libs_collections/sherehemall/armeabi-v7a conftest.c  >&5
configure:3336: $? = 0
configure:3384: result: yes
configure:3387: checking for C compiler default output file name
configure:3389: result: a.out
configure:3395: checking for suffix of executables
configure:3402: /home/muya/.buildozer/android/platform/android-ndk-r25b/toolchains/llvm/prebuilt/linux-x86_64/bin/clang -target armv7a-linux-androideabi21 -fomit-frame-pointer -march=armv7-a -mfloat-abi=softfp -mfpu=vfp -mthumb -fPIC -o conftest -target armv7a-linux-androideabi21 -fomit-frame-pointer -march=armv7-a -mfloat-abi=softfp -mfpu=vfp -mthumb -fPIC -DANDROID -I/home/muya/.buildozer/android/platform/android-ndk-r25b/toolchains/llvm/prebuilt/linux-x86_64/sysroot/usr/include -I/home/muya/Projects/sm_m/pack_dir/.buildozer/android/platform/build-arm64-v8a_armeabi-v7a/build/python-installs/sherehemall/armeabi-v7a/include/python3.1   -L/home/muya/Projects/sm_m/pack_dir/.buildozer/android/platform/build-arm64-v8a_armeabi-v7a/build/libs_collections/sherehemall/armeabi-v7a conftest.c  >&5
configure:3406: $? = 0
configure:3428: result: 
configure:3450: checking whether we are cross compiling
configure:3458: /home/muya/.buildozer/android/platform/android-ndk-r25b/toolchains/llvm/prebuilt/linux-x86_64/bin/clang -target armv7a-linux-androideabi21 -fomit-frame-pointer -march=armv7-a -mfloat-abi=softfp -mfpu=vfp -mthumb -fPIC -o conftest -target armv7a-linux-androideabi21 -fomit-frame-pointer -march=armv7-a -mfloat-abi=softfp -mfpu=vfp -mthumb -fPIC -DANDROID -I/home/muya/.buildozer/android/platform/android-ndk-r25b/toolchains/llvm/prebuilt/linux-x86_64/sysroot/usr/include -I/home/muya/Projects/sm_m/pack_dir/.buildozer/android/platform/build-arm64-v8a_armeabi-v7a/build/python-installs/sherehemall/armeabi-v7a/include/python3.1   -L/home/muya/Projects/sm_m/pack_dir/.buildozer/android/platform/build-arm64-v8a_armeabi-v7a/build/libs_collections/sherehemall/armeabi-v7a conftest.c  >&5
configure:3462: $? = 0
configure:3469: ./conftest
/home/muya/Projects/sm_m/pack_dir/.buildozer/android/platform/build-arm64-v8a_armeabi-v7a/build/other_builds/png/armeabi-v7a__ndk_target_21/png/configure: line 3471: ./conftest: cannot execute binary file: Exec format error
configure:3473: $? = 126
configure:3488: result: yes
configure:3493: checking for suffix of object files
configure:3515: /home/muya/.buildozer/android/platform/android-ndk-r25b/toolchains/llvm/prebuilt/linux-x86_64/bin/clang -target armv7a-linux-androideabi21 -fomit-frame-pointer -march=armv7-a -mfloat-abi=softfp -mfpu=vfp -mthumb -fPIC -c -target armv7a-linux-androideabi21 -fomit-frame-pointer -march=armv7-a -mfloat-abi=softfp -mfpu=vfp -mthumb -fPIC -DANDROID -I/home/muya/.buildozer/android/platform/android-ndk-r25b/toolchains/llvm/prebuilt/linux-x86_64/sysroot/usr/include -I/home/muya/Projects/sm_m/pack_dir/.buildozer/android/platform/build-arm64-v8a_armeabi-v7a/build/python-installs/sherehemall/armeabi-v7a/include/python3.1 conftest.c >&5
configure:3519: $? = 0
configure:3540: result: o
configure:3544: checking whether we are using the GNU C compiler
configure:3563: /home/muya/.buildozer/android/platform/android-ndk-r25b/toolchains/llvm/prebuilt/linux-x86_64/bin/clang -target armv7a-linux-androideabi21 -fomit-frame-pointer -march=armv7-a -mfloat-abi=softfp -mfpu=vfp -mthumb -fPIC -c -target armv7a-linux-androideabi21 -fomit-frame-pointer -march=armv7-a -mfloat-abi=softfp -mfpu=vfp -mthumb -fPIC -DANDROID -I/home/muya/.buildozer/android/platform/android-ndk-r25b/toolchains/llvm/prebuilt/linux-x86_64/sysroot/usr/include -I/home/muya/Projects/sm_m/pack_dir/.buildozer/android/platform/build-arm64-v8a_armeabi-v7a/build/python-installs/sherehemall/armeabi-v7a/include/python3.1 conftest.c >&5
configure:3563: $? = 0
configure:3572: result: yes
configure:3581: checking whether /home/muya/.buildozer/android/platform/android-ndk-r25b/toolchains/llvm/prebuilt/linux-x86_64/bin/clang -target armv7a-linux-androideabi21 -fomit-frame-pointer -march=armv7-a -mfloat-abi=softfp -mfpu=vfp -mthumb -fPIC accepts -g
configure:3601: /home/muya/.buildozer/android/platform/android-ndk-r25b/toolchains/llvm/prebuilt/linux-x86_64/bin/clang -target armv7a-linux-androideabi21 -fomit-frame-pointer -march=armv7-a -mfloat-abi=softfp -mfpu=vfp -mthumb -fPIC -c -g -DANDROID -I/home/muya/.buildozer/android/platform/android-ndk-r25b/toolchains/llvm/prebuilt/linux-x86_64/sysroot/usr/include -I/home/muya/Projects/sm_m/pack_dir/.buildozer/android/platform/build-arm64-v8a_armeabi-v7a/build/python-installs/sherehemall/armeabi-v7a/include/python3.1 conftest.c >&5
configure:3601: $? = 0
configure:3642: result: yes
configure:3659: checking for /home/muya/.buildozer/android/platform/android-ndk-r25b/toolchains/llvm/prebuilt/linux-x86_64/bin/clang -target armv7a-linux-androideabi21 -fomit-frame-pointer -march=armv7-a -mfloat-abi=softfp -mfpu=vfp -mthumb -fPIC option to accept ISO C89
configure:3722: /home/muya/.buildozer/android/platform/android-ndk-r25b/toolchains/llvm/prebuilt/linux-x86_64/bin/clang -target armv7a-linux-androideabi21 -fomit-frame-pointer -march=armv7-a -mfloat-abi=softfp -mfpu=vfp -mthumb -fPIC  -c -target armv7a-linux-androideabi21 -fomit-frame-pointer -march=armv7-a -mfloat-abi=softfp -mfpu=vfp -mthumb -fPIC -DANDROID -I/home/muya/.buildozer/android/platform/android-ndk-r25b/toolchains/llvm/prebuilt/linux-x86_64/sysroot/usr/include -I/home/muya/Projects/sm_m/pack_dir/.buildozer/android/platform/build-arm64-v8a_armeabi-v7a/build/python-installs/sherehemall/armeabi-v7a/include/python3.1 conftest.c >&5
configure:3722: $? = 0
configure:3735: result: none needed
configure:3760: checking whether /home/muya/.buildozer/android/platform/android-ndk-r25b/toolchains/llvm/prebuilt/linux-x86_64/bin/clang -target armv7a-linux-androideabi21 -fomit-frame-pointer -march=armv7-a -mfloat-abi=softfp -mfpu=vfp -mthumb -fPIC understands -c and -o together
configure:3782: /home/muya/.buildozer/android/platform/android-ndk-r25b/toolchains/llvm/prebuilt/linux-x86_64/bin/clang -target armv7a-linux-androideabi21 -fomit-frame-pointer -march=armv7-a -mfloat-abi=softfp -mfpu=vfp -mthumb -fPIC -c conftest.c -o conftest2.o
configure:3785: $? = 0
configure:3782: /home/muya/.buildozer/android/platform/android-ndk-r25b/toolchains/llvm/prebuilt/linux-x86_64/bin/clang -target armv7a-linux-androideabi21 -fomit-frame-pointer -march=armv7-a -mfloat-abi=softfp -mfpu=vfp -mthumb -fPIC -c conftest.c -o conftest2.o
configure:3785: $? = 0
configure:3797: result: yes
configure:3817: checking whether make -j8 supports the include directive
configure:3832: make -j8 -f confmf.GNU && cat confinc.out
this is the am__doit target
configure:3835: $? = 0
configure:3854: result: yes (GNU style)
configure:3879: checking dependency style of /home/muya/.buildozer/android/platform/android-ndk-r25b/toolchains/llvm/prebuilt/linux-x86_64/bin/clang -target armv7a-linux-androideabi21 -fomit-frame-pointer -march=armv7-a -mfloat-abi=softfp -mfpu=vfp -mthumb -fPIC
configure:3990: result: gcc3
configure:4014: checking dependency style of /home/muya/.buildozer/android/platform/android-ndk-r25b/toolchains/llvm/prebuilt/linux-x86_64/bin/clang -target armv7a-linux-androideabi21 -fomit-frame-pointer -march=armv7-a -mfloat-abi=softfp -mfpu=vfp -mthumb -fPIC
configure:4123: result: gcc3
configure:4142: checking build system type
configure:4156: result: x86_64-pc-linux-gnu
configure:4176: checking host system type
configure:4189: result: arm-unknown-linux-androideabi
configure:4209: checking for a sed that does not truncate output
configure:4273: result: /usr/bin/sed
configure:4291: checking for grep that handles long lines and -e
configure:4349: result: /usr/bin/grep
configure:4354: checking for egrep
configure:4416: result: /usr/bin/grep -E
configure:4421: checking for fgrep
configure:4483: result: /usr/bin/grep -F
configure:4510: checking how to print strings
configure:4537: result: printf
configure:4570: checking for ld used by /home/muya/.buildozer/android/platform/android-ndk-r25b/toolchains/llvm/prebuilt/linux-x86_64/bin/clang -target armv7a-linux-androideabi21 -fomit-frame-pointer -march=armv7-a -mfloat-abi=softfp -mfpu=vfp -mthumb -fPIC
configure:4637: result: /home/muya/.buildozer/android/platform/android-ndk-r25b/toolchains/llvm/prebuilt/linux-x86_64/bin/ld
configure:4644: checking if the linker (/home/muya/.buildozer/android/platform/android-ndk-r25b/toolchains/llvm/prebuilt/linux-x86_64/bin/ld) is GNU ld
configure:4659: result: yes
configure:4676: checking how to run the C preprocessor
configure:4707: /home/muya/.buildozer/android/platform/android-ndk-r25b/toolchains/llvm/prebuilt/linux-x86_64/bin/clang -target armv7a-linux-androideabi21 -fomit-frame-pointer -march=armv7-a -mfloat-abi=softfp -mfpu=vfp -mthumb -fPIC -E -DANDROID -I/home/muya/.buildozer/android/platform/android-ndk-r25b/toolchains/llvm/prebuilt/linux-x86_64/sysroot/usr/include -I/home/muya/Projects/sm_m/pack_dir/.buildozer/android/platform/build-arm64-v8a_armeabi-v7a/build/python-installs/sherehemall/armeabi-v7a/include/python3.1 conftest.c
configure:4707: $? = 0
configure:4721: /home/muya/.buildozer/android/platform/android-ndk-r25b/toolchains/llvm/prebuilt/linux-x86_64/bin/clang -target armv7a-linux-androideabi21 -fomit-frame-pointer -march=armv7-a -mfloat-abi=softfp -mfpu=vfp -mthumb -fPIC -E -DANDROID -I/home/muya/.buildozer/android/platform/android-ndk-r25b/toolchains/llvm/prebuilt/linux-x86_64/sysroot/usr/include -I/home/muya/Projects/sm_m/pack_dir/.buildozer/android/platform/build-arm64-v8a_armeabi-v7a/build/python-installs/sherehemall/armeabi-v7a/include/python3.1 conftest.c
conftest.c:11:10: fatal error: 'ac_nonexistent.h' file not found
#include <ac_nonexistent.h>
         ^~~~~~~~~~~~~~~~~~
1 error generated.
configure:4721: $? = 1
configure: failed program was:
| /* confdefs.h */
| #define PACKAGE_NAME "libpng"
| #define PACKAGE_TARNAME "libpng"
| #define PACKAGE_VERSION "1.6.37"
| #define PACKAGE_STRING "libpng 1.6.37"
| #define PACKAGE_BUGREPORT "png-mng-implement@lists.sourceforge.net"
| #define PACKAGE_URL ""
| #define PACKAGE "libpng"
| #define VERSION "1.6.37"
| /* end confdefs.h.  */
| #include <ac_nonexistent.h>
configure:4746: result: /home/muya/.buildozer/android/platform/android-ndk-r25b/toolchains/llvm/prebuilt/linux-x86_64/bin/clang -target armv7a-linux-androideabi21 -fomit-frame-pointer -march=armv7-a -mfloat-abi=softfp -mfpu=vfp -mthumb -fPIC -E
configure:4766: /home/muya/.buildozer/android/platform/android-ndk-r25b/toolchains/llvm/prebuilt/linux-x86_64/bin/clang -target armv7a-linux-androideabi21 -fomit-frame-pointer -march=armv7-a -mfloat-abi=softfp -mfpu=vfp -mthumb -fPIC -E -DANDROID -I/home/muya/.buildozer/android/platform/android-ndk-r25b/toolchains/llvm/prebuilt/linux-x86_64/sysroot/usr/include -I/home/muya/Projects/sm_m/pack_dir/.buildozer/android/platform/build-arm64-v8a_armeabi-v7a/build/python-installs/sherehemall/armeabi-v7a/include/python3.1 conftest.c
configure:4766: $? = 0
configure:4780: /home/muya/.buildozer/android/platform/android-ndk-r25b/toolchains/llvm/prebuilt/linux-x86_64/bin/clang -target armv7a-linux-androideabi21 -fomit-frame-pointer -march=armv7-a -mfloat-abi=softfp -mfpu=vfp -mthumb -fPIC -E -DANDROID -I/home/muya/.buildozer/android/platform/android-ndk-r25b/toolchains/llvm/prebuilt/linux-x86_64/sysroot/usr/include -I/home/muya/Projects/sm_m/pack_dir/.buildozer/android/platform/build-arm64-v8a_armeabi-v7a/build/python-installs/sherehemall/armeabi-v7a/include/python3.1 conftest.c
conftest.c:11:10: fatal error: 'ac_nonexistent.h' file not found
#include <ac_nonexistent.h>
         ^~~~~~~~~~~~~~~~~~
1 error generated.
configure:4780: $? = 1
configure: failed program was:
| /* confdefs.h */
| #define PACKAGE_NAME "libpng"
| #define PACKAGE_TARNAME "libpng"
| #define PACKAGE_VERSION "1.6.37"
| #define PACKAGE_STRING "libpng 1.6.37"
| #define PACKAGE_BUGREPORT "png-mng-implement@lists.sourceforge.net"
| #define PACKAGE_URL ""
| #define PACKAGE "libpng"
| #define VERSION "1.6.37"
| /* end confdefs.h.  */
| #include <ac_nonexistent.h>
configure:4812: checking for gawk
configure:4839: result: mawk
configure:4851: checking whether ln -s works
configure:4855: result: yes
configure:4862: checking whether make -j8 sets $(MAKE)
configure:4884: result: yes
configure:4936: checking for BSD- or MS-compatible name lister (nm)
configure:4990: result: no
configure:5004: checking for arm-linux-androideabi-dumpbin
configure:5034: result: no
configure:5004: checking for arm-linux-androideabi-link
configure:5034: result: no
configure:5048: checking for dumpbin
configure:5078: result: no
configure:5048: checking for link
configure:5064: found /usr/bin/link
configure:5075: result: link -dump
configure:5091: WARNING: using cross tools not prefixed with host triplet
configure:5120: checking the name lister (nm) interface
configure:5127: /home/muya/.buildozer/android/platform/android-ndk-r25b/toolchains/llvm/prebuilt/linux-x86_64/bin/clang -target armv7a-linux-androideabi21 -fomit-frame-pointer -march=armv7-a -mfloat-abi=softfp -mfpu=vfp -mthumb -fPIC -c -target armv7a-linux-androideabi21 -fomit-frame-pointer -march=armv7-a -mfloat-abi=softfp -mfpu=vfp -mthumb -fPIC -DANDROID -I/home/muya/.buildozer/android/platform/android-ndk-r25b/toolchains/llvm/prebuilt/linux-x86_64/sysroot/usr/include -I/home/muya/Projects/sm_m/pack_dir/.buildozer/android/platform/build-arm64-v8a_armeabi-v7a/build/python-installs/sherehemall/armeabi-v7a/include/python3.1 conftest.c >&5
configure:5130: nm "conftest.o"
configure:5133: output
00000000 B some_variable
configure:5140: result: BSD nm
configure:5144: checking the maximum length of command line arguments
configure:5275: result: 1572864
configure:5323: checking how to convert x86_64-pc-linux-gnu file names to arm-unknown-linux-androideabi format
configure:5363: result: func_convert_file_noop
configure:5370: checking how to convert x86_64-pc-linux-gnu file names to toolchain format
configure:5390: result: func_convert_file_noop
configure:5397: checking for /home/muya/.buildozer/android/platform/android-ndk-r25b/toolchains/llvm/prebuilt/linux-x86_64/bin/ld option to reload object files
configure:5404: result: -r
configure:5438: checking for arm-linux-androideabi-objdump
configure:5468: result: no
configure:5478: checking for objdump
configure:5494: found /usr/bin/objdump
configure:5505: result: objdump
configure:5534: checking how to recognize dependent libraries
configure:5734: result: pass_all
configure:5779: checking for arm-linux-androideabi-dlltool
configure:5809: result: no
configure:5819: checking for dlltool
configure:5849: result: no
configure:5876: checking how to associate runtime and link libraries
configure:5903: result: printf %s\n
configure:5920: checking for arm-linux-androideabi-ar
configure:5947: result: /home/muya/.buildozer/android/platform/android-ndk-r25b/toolchains/llvm/prebuilt/linux-x86_64/bin/llvm-ar
configure:6028: checking for archiver @FILE support
configure:6045: /home/muya/.buildozer/android/platform/android-ndk-r25b/toolchains/llvm/prebuilt/linux-x86_64/bin/clang -target armv7a-linux-androideabi21 -fomit-frame-pointer -march=armv7-a -mfloat-abi=softfp -mfpu=vfp -mthumb -fPIC -c -target armv7a-linux-androideabi21 -fomit-frame-pointer -march=armv7-a -mfloat-abi=softfp -mfpu=vfp -mthumb -fPIC -DANDROID -I/home/muya/.buildozer/android/platform/android-ndk-r25b/toolchains/llvm/prebuilt/linux-x86_64/sysroot/usr/include -I/home/muya/Projects/sm_m/pack_dir/.buildozer/android/platform/build-arm64-v8a_armeabi-v7a/build/python-installs/sherehemall/armeabi-v7a/include/python3.1 conftest.c >&5
configure:6045: $? = 0
configure:6048: /home/muya/.buildozer/android/platform/android-ndk-r25b/toolchains/llvm/prebuilt/linux-x86_64/bin/llvm-ar cru libconftest.a @conftest.lst >&5
configure:6051: $? = 0
configure:6056: /home/muya/.buildozer/android/platform/android-ndk-r25b/toolchains/llvm/prebuilt/linux-x86_64/bin/llvm-ar cru libconftest.a @conftest.lst >&5
/home/muya/.buildozer/android/platform/android-ndk-r25b/toolchains/llvm/prebuilt/linux-x86_64/bin/llvm-ar: error: conftest.o: No such file or directory
configure:6059: $? = 1
configure:6071: result: @
configure:6089: checking for arm-linux-androideabi-strip
configure:6116: result: /home/muya/.buildozer/android/platform/android-ndk-r25b/toolchains/llvm/prebuilt/linux-x86_64/bin/llvm-strip --strip-unneeded
configure:6188: checking for arm-linux-androideabi-ranlib
configure:6215: result: /home/muya/.buildozer/android/platform/android-ndk-r25b/toolchains/llvm/prebuilt/linux-x86_64/bin/llvm-ranlib
configure:6357: checking command to parse nm output from /home/muya/.buildozer/android/platform/android-ndk-r25b/toolchains/llvm/prebuilt/linux-x86_64/bin/clang -target armv7a-linux-androideabi21 -fomit-frame-pointer -march=armv7-a -mfloat-abi=softfp -mfpu=vfp -mthumb -fPIC object
configure:6510: /home/muya/.buildozer/android/platform/android-ndk-r25b/toolchains/llvm/prebuilt/linux-x86_64/bin/clang -target armv7a-linux-androideabi21 -fomit-frame-pointer -march=armv7-a -mfloat-abi=softfp -mfpu=vfp -mthumb -fPIC -c -target armv7a-linux-androideabi21 -fomit-frame-pointer -march=armv7-a -mfloat-abi=softfp -mfpu=vfp -mthumb -fPIC -DANDROID -I/home/muya/.buildozer/android/platform/android-ndk-r25b/toolchains/llvm/prebuilt/linux-x86_64/sysroot/usr/include -I/home/muya/Projects/sm_m/pack_dir/.buildozer/android/platform/build-arm64-v8a_armeabi-v7a/build/python-installs/sherehemall/armeabi-v7a/include/python3.1 conftest.c >&5
configure:6513: $? = 0
configure:6517: nm conftest.o \| sed -n -e 's/^.*[ ]\([ABCDGIRSTW][ABCDGIRSTW]*\)[ ][ ]*\([_A-Za-z][_A-Za-z0-9]*\)$/\1 \2 \2/p' | sed '/ __gnu_lto/d' \> conftest.nm
configure:6520: $? = 0
configure:6586: /home/muya/.buildozer/android/platform/android-ndk-r25b/toolchains/llvm/prebuilt/linux-x86_64/bin/clang -target armv7a-linux-androideabi21 -fomit-frame-pointer -march=armv7-a -mfloat-abi=softfp -mfpu=vfp -mthumb -fPIC -o conftest -target armv7a-linux-androideabi21 -fomit-frame-pointer -march=armv7-a -mfloat-abi=softfp -mfpu=vfp -mthumb -fPIC -DANDROID -I/home/muya/.buildozer/android/platform/android-ndk-r25b/toolchains/llvm/prebuilt/linux-x86_64/sysroot/usr/include -I/home/muya/Projects/sm_m/pack_dir/.buildozer/android/platform/build-arm64-v8a_armeabi-v7a/build/python-installs/sherehemall/armeabi-v7a/include/python3.1   -L/home/muya/Projects/sm_m/pack_dir/.buildozer/android/platform/build-arm64-v8a_armeabi-v7a/build/libs_collections/sherehemall/armeabi-v7a conftest.c conftstm.o >&5
configure:6589: $? = 0
configure:6627: result: ok
configure:6674: checking for sysroot
configure:6704: result: no
configure:6711: checking for a working dd
configure:6749: result: /usr/bin/dd
configure:6753: checking how to truncate binary pipes
configure:6768: result: /usr/bin/dd bs=4096 count=1
configure:7057: checking for arm-linux-androideabi-mt
configure:7087: result: no
configure:7097: checking for mt
configure:7113: found /usr/bin/mt
configure:7124: result: mt
configure:7147: checking if mt is a manifest tool
configure:7153: mt '-?'
configure:7161: result: no
configure:7834: checking for ANSI C header files
configure:7854: /home/muya/.buildozer/android/platform/android-ndk-r25b/toolchains/llvm/prebuilt/linux-x86_64/bin/clang -target armv7a-linux-androideabi21 -fomit-frame-pointer -march=armv7-a -mfloat-abi=softfp -mfpu=vfp -mthumb -fPIC -c -target armv7a-linux-androideabi21 -fomit-frame-pointer -march=armv7-a -mfloat-abi=softfp -mfpu=vfp -mthumb -fPIC -DANDROID -I/home/muya/.buildozer/android/platform/android-ndk-r25b/toolchains/llvm/prebuilt/linux-x86_64/sysroot/usr/include -I/home/muya/Projects/sm_m/pack_dir/.buildozer/android/platform/build-arm64-v8a_armeabi-v7a/build/python-installs/sherehemall/armeabi-v7a/include/python3.1 conftest.c >&5
configure:7854: $? = 0
configure:7938: result: yes
configure:7951: checking for sys/types.h
configure:7951: /home/muya/.buildozer/android/platform/android-ndk-r25b/toolchains/llvm/prebuilt/linux-x86_64/bin/clang -target armv7a-linux-androideabi21 -fomit-frame-pointer -march=armv7-a -mfloat-abi=softfp -mfpu=vfp -mthumb -fPIC -c -target armv7a-linux-androideabi21 -fomit-frame-pointer -march=armv7-a -mfloat-abi=softfp -mfpu=vfp -mthumb -fPIC -DANDROID -I/home/muya/.buildozer/android/platform/android-ndk-r25b/toolchains/llvm/prebuilt/linux-x86_64/sysroot/usr/include -I/home/muya/Projects/sm_m/pack_dir/.buildozer/android/platform/build-arm64-v8a_armeabi-v7a/build/python-installs/sherehemall/armeabi-v7a/include/python3.1 conftest.c >&5
configure:7951: $? = 0
configure:7951: result: yes
configure:7951: checking for sys/stat.h
configure:7951: /home/muya/.buildozer/android/platform/android-ndk-r25b/toolchains/llvm/prebuilt/linux-x86_64/bin/clang -target armv7a-linux-androideabi21 -fomit-frame-pointer -march=armv7-a -mfloat-abi=softfp -mfpu=vfp -mthumb -fPIC -c -target armv7a-linux-androideabi21 -fomit-frame-pointer -march=armv7-a -mfloat-abi=softfp -mfpu=vfp -mthumb -fPIC -DANDROID -I/home/muya/.buildozer/android/platform/android-ndk-r25b/toolchains/llvm/prebuilt/linux-x86_64/sysroot/usr/include -I/home/muya/Projects/sm_m/pack_dir/.buildozer/android/platform/build-arm64-v8a_armeabi-v7a/build/python-installs/sherehemall/armeabi-v7a/include/python3.1 conftest.c >&5
configure:7951: $? = 0
configure:7951: result: yes
configure:7951: checking for stdlib.h
configure:7951: /home/muya/.buildozer/android/platform/android-ndk-r25b/toolchains/llvm/prebuilt/linux-x86_64/bin/clang -target armv7a-linux-androideabi21 -fomit-frame-pointer -march=armv7-a -mfloat-abi=softfp -mfpu=vfp -mthumb -fPIC -c -target armv7a-linux-androideabi21 -fomit-frame-pointer -march=armv7-a -mfloat-abi=softfp -mfpu=vfp -mthumb -fPIC -DANDROID -I/home/muya/.buildozer/android/platform/android-ndk-r25b/toolchains/llvm/prebuilt/linux-x86_64/sysroot/usr/include -I/home/muya/Projects/sm_m/pack_dir/.buildozer/android/platform/build-arm64-v8a_armeabi-v7a/build/python-installs/sherehemall/armeabi-v7a/include/python3.1 conftest.c >&5
configure:7951: $? = 0
configure:7951: result: yes
configure:7951: checking for string.h
configure:7951: /home/muya/.buildozer/android/platform/android-ndk-r25b/toolchains/llvm/prebuilt/linux-x86_64/bin/clang -target armv7a-linux-androideabi21 -fomit-frame-pointer -march=armv7-a -mfloat-abi=softfp -mfpu=vfp -mthumb -fPIC -c -target armv7a-linux-androideabi21 -fomit-frame-pointer -march=armv7-a -mfloat-abi=softfp -mfpu=vfp -mthumb -fPIC -DANDROID -I/home/muya/.buildozer/android/platform/android-ndk-r25b/toolchains/llvm/prebuilt/linux-x86_64/sysroot/usr/include -I/home/muya/Projects/sm_m/pack_dir/.buildozer/android/platform/build-arm64-v8a_armeabi-v7a/build/python-installs/sherehemall/armeabi-v7a/include/python3.1 conftest.c >&5
configure:7951: $? = 0
configure:7951: result: yes
configure:7951: checking for memory.h
configure:7951: /home/muya/.buildozer/android/platform/android-ndk-r25b/toolchains/llvm/prebuilt/linux-x86_64/bin/clang -target armv7a-linux-androideabi21 -fomit-frame-pointer -march=armv7-a -mfloat-abi=softfp -mfpu=vfp -mthumb -fPIC -c -target armv7a-linux-androideabi21 -fomit-frame-pointer -march=armv7-a -mfloat-abi=softfp -mfpu=vfp -mthumb -fPIC -DANDROID -I/home/muya/.buildozer/android/platform/android-ndk-r25b/toolchains/llvm/prebuilt/linux-x86_64/sysroot/usr/include -I/home/muya/Projects/sm_m/pack_dir/.buildozer/android/platform/build-arm64-v8a_armeabi-v7a/build/python-installs/sherehemall/armeabi-v7a/include/python3.1 conftest.c >&5
configure:7951: $? = 0
configure:7951: result: yes
configure:7951: checking for strings.h
configure:7951: /home/muya/.buildozer/android/platform/android-ndk-r25b/toolchains/llvm/prebuilt/linux-x86_64/bin/clang -target armv7a-linux-androideabi21 -fomit-frame-pointer -march=armv7-a -mfloat-abi=softfp -mfpu=vfp -mthumb -fPIC -c -target armv7a-linux-androideabi21 -fomit-frame-pointer -march=armv7-a -mfloat-abi=softfp -mfpu=vfp -mthumb -fPIC -DANDROID -I/home/muya/.buildozer/android/platform/android-ndk-r25b/toolchains/llvm/prebuilt/linux-x86_64/sysroot/usr/include -I/home/muya/Projects/sm_m/pack_dir/.buildozer/android/platform/build-arm64-v8a_armeabi-v7a/build/python-installs/sherehemall/armeabi-v7a/include/python3.1 conftest.c >&5
configure:7951: $? = 0
configure:7951: result: yes
configure:7951: checking for inttypes.h
configure:7951: /home/muya/.buildozer/android/platform/android-ndk-r25b/toolchains/llvm/prebuilt/linux-x86_64/bin/clang -target armv7a-linux-androideabi21 -fomit-frame-pointer -march=armv7-a -mfloat-abi=softfp -mfpu=vfp -mthumb -fPIC -c -target armv7a-linux-androideabi21 -fomit-frame-pointer -march=armv7-a -mfloat-abi=softfp -mfpu=vfp -mthumb -fPIC -DANDROID -I/home/muya/.buildozer/android/platform/android-ndk-r25b/toolchains/llvm/prebuilt/linux-x86_64/sysroot/usr/include -I/home/muya/Projects/sm_m/pack_dir/.buildozer/android/platform/build-arm64-v8a_armeabi-v7a/build/python-installs/sherehemall/armeabi-v7a/include/python3.1 conftest.c >&5
configure:7951: $? = 0
configure:7951: result: yes
configure:7951: checking for stdint.h
configure:7951: /home/muya/.buildozer/android/platform/android-ndk-r25b/toolchains/llvm/prebuilt/linux-x86_64/bin/clang -target armv7a-linux-androideabi21 -fomit-frame-pointer -march=armv7-a -mfloat-abi=softfp -mfpu=vfp -mthumb -fPIC -c -target armv7a-linux-androideabi21 -fomit-frame-pointer -march=armv7-a -mfloat-abi=softfp -mfpu=vfp -mthumb -fPIC -DANDROID -I/home/muya/.buildozer/android/platform/android-ndk-r25b/toolchains/llvm/prebuilt/linux-x86_64/sysroot/usr/include -I/home/muya/Projects/sm_m/pack_dir/.buildozer/android/platform/build-arm64-v8a_armeabi-v7a/build/python-installs/sherehemall/armeabi-v7a/include/python3.1 conftest.c >&5
configure:7951: $? = 0
configure:7951: result: yes
configure:7951: checking for unistd.h
configure:7951: /home/muya/.buildozer/android/platform/android-ndk-r25b/toolchains/llvm/prebuilt/linux-x86_64/bin/clang -target armv7a-linux-androideabi21 -fomit-frame-pointer -march=armv7-a -mfloat-abi=softfp -mfpu=vfp -mthumb -fPIC -c -target armv7a-linux-androideabi21 -fomit-frame-pointer -march=armv7-a -mfloat-abi=softfp -mfpu=vfp -mthumb -fPIC -DANDROID -I/home/muya/.buildozer/android/platform/android-ndk-r25b/toolchains/llvm/prebuilt/linux-x86_64/sysroot/usr/include -I/home/muya/Projects/sm_m/pack_dir/.buildozer/android/platform/build-arm64-v8a_armeabi-v7a/build/python-installs/sherehemall/armeabi-v7a/include/python3.1 conftest.c >&5
configure:7951: $? = 0
configure:7951: result: yes
configure:7965: checking for dlfcn.h
configure:7965: /home/muya/.buildozer/android/platform/android-ndk-r25b/toolchains/llvm/prebuilt/linux-x86_64/bin/clang -target armv7a-linux-androideabi21 -fomit-frame-pointer -march=armv7-a -mfloat-abi=softfp -mfpu=vfp -mthumb -fPIC -c -target armv7a-linux-androideabi21 -fomit-frame-pointer -march=armv7-a -mfloat-abi=softfp -mfpu=vfp -mthumb -fPIC -DANDROID -I/home/muya/.buildozer/android/platform/android-ndk-r25b/toolchains/llvm/prebuilt/linux-x86_64/sysroot/usr/include -I/home/muya/Projects/sm_m/pack_dir/.buildozer/android/platform/build-arm64-v8a_armeabi-v7a/build/python-installs/sherehemall/armeabi-v7a/include/python3.1 conftest.c >&5
configure:7965: $? = 0
configure:7965: result: yes
configure:8519: checking for objdir
configure:8534: result: .libs
configure:8798: checking if /home/muya/.buildozer/android/platform/android-ndk-r25b/toolchains/llvm/prebuilt/linux-x86_64/bin/clang -target armv7a-linux-androideabi21 -fomit-frame-pointer -march=armv7-a -mfloat-abi=softfp -mfpu=vfp -mthumb -fPIC supports -fno-rtti -fno-exceptions
configure:8816: /home/muya/.buildozer/android/platform/android-ndk-r25b/toolchains/llvm/prebuilt/linux-x86_64/bin/clang -target armv7a-linux-androideabi21 -fomit-frame-pointer -march=armv7-a -mfloat-abi=softfp -mfpu=vfp -mthumb -fPIC -c -target armv7a-linux-androideabi21 -fomit-frame-pointer -march=armv7-a -mfloat-abi=softfp -mfpu=vfp -mthumb -fPIC -DANDROID -I/home/muya/.buildozer/android/platform/android-ndk-r25b/toolchains/llvm/prebuilt/linux-x86_64/sysroot/usr/include -I/home/muya/Projects/sm_m/pack_dir/.buildozer/android/platform/build-arm64-v8a_armeabi-v7a/build/python-installs/sherehemall/armeabi-v7a/include/python3.1 -fno-rtti -fno-exceptions conftest.c >&5
configure:8820: $? = 0
configure:8833: result: yes
configure:9191: checking for /home/muya/.buildozer/android/platform/android-ndk-r25b/toolchains/llvm/prebuilt/linux-x86_64/bin/clang -target armv7a-linux-androideabi21 -fomit-frame-pointer -march=armv7-a -mfloat-abi=softfp -mfpu=vfp -mthumb -fPIC option to produce PIC
configure:9198: result: -fPIC -DPIC
configure:9206: checking if /home/muya/.buildozer/android/platform/android-ndk-r25b/toolchains/llvm/prebuilt/linux-x86_64/bin/clang -target armv7a-linux-androideabi21 -fomit-frame-pointer -march=armv7-a -mfloat-abi=softfp -mfpu=vfp -mthumb -fPIC PIC flag -fPIC -DPIC works
configure:9224: /home/muya/.buildozer/android/platform/android-ndk-r25b/toolchains/llvm/prebuilt/linux-x86_64/bin/clang -target armv7a-linux-androideabi21 -fomit-frame-pointer -march=armv7-a -mfloat-abi=softfp -mfpu=vfp -mthumb -fPIC -c -target armv7a-linux-androideabi21 -fomit-frame-pointer -march=armv7-a -mfloat-abi=softfp -mfpu=vfp -mthumb -fPIC -DANDROID -I/home/muya/.buildozer/android/platform/android-ndk-r25b/toolchains/llvm/prebuilt/linux-x86_64/sysroot/usr/include -I/home/muya/Projects/sm_m/pack_dir/.buildozer/android/platform/build-arm64-v8a_armeabi-v7a/build/python-installs/sherehemall/armeabi-v7a/include/python3.1 -fPIC -DPIC -DPIC conftest.c >&5
configure:9228: $? = 0
configure:9241: result: yes
configure:9270: checking if /home/muya/.buildozer/android/platform/android-ndk-r25b/toolchains/llvm/prebuilt/linux-x86_64/bin/clang -target armv7a-linux-androideabi21 -fomit-frame-pointer -march=armv7-a -mfloat-abi=softfp -mfpu=vfp -mthumb -fPIC static flag -static works
configure:9298: result: yes
configure:9313: checking if /home/muya/.buildozer/android/platform/android-ndk-r25b/toolchains/llvm/prebuilt/linux-x86_64/bin/clang -target armv7a-linux-androideabi21 -fomit-frame-pointer -march=armv7-a -mfloat-abi=softfp -mfpu=vfp -mthumb -fPIC supports -c -o file.o
configure:9334: /home/muya/.buildozer/android/platform/android-ndk-r25b/toolchains/llvm/prebuilt/linux-x86_64/bin/clang -target armv7a-linux-androideabi21 -fomit-frame-pointer -march=armv7-a -mfloat-abi=softfp -mfpu=vfp -mthumb -fPIC -c -target armv7a-linux-androideabi21 -fomit-frame-pointer -march=armv7-a -mfloat-abi=softfp -mfpu=vfp -mthumb -fPIC -DANDROID -I/home/muya/.buildozer/android/platform/android-ndk-r25b/toolchains/llvm/prebuilt/linux-x86_64/sysroot/usr/include -I/home/muya/Projects/sm_m/pack_dir/.buildozer/android/platform/build-arm64-v8a_armeabi-v7a/build/python-installs/sherehemall/armeabi-v7a/include/python3.1 -o out/conftest2.o conftest.c >&5
configure:9338: $? = 0
configure:9360: result: yes
configure:9368: checking if /home/muya/.buildozer/android/platform/android-ndk-r25b/toolchains/llvm/prebuilt/linux-x86_64/bin/clang -target armv7a-linux-androideabi21 -fomit-frame-pointer -march=armv7-a -mfloat-abi=softfp -mfpu=vfp -mthumb -fPIC supports -c -o file.o
configure:9415: result: yes
configure:9448: checking whether the /home/muya/.buildozer/android/platform/android-ndk-r25b/toolchains/llvm/prebuilt/linux-x86_64/bin/clang -target armv7a-linux-androideabi21 -fomit-frame-pointer -march=armv7-a -mfloat-abi=softfp -mfpu=vfp -mthumb -fPIC linker (/home/muya/.buildozer/android/platform/android-ndk-r25b/toolchains/llvm/prebuilt/linux-x86_64/bin/ld) supports shared libraries
configure:10707: result: yes
configure:10744: checking whether -lc should be explicitly linked in
configure:10752: /home/muya/.buildozer/android/platform/android-ndk-r25b/toolchains/llvm/prebuilt/linux-x86_64/bin/clang -target armv7a-linux-androideabi21 -fomit-frame-pointer -march=armv7-a -mfloat-abi=softfp -mfpu=vfp -mthumb -fPIC -c -target armv7a-linux-androideabi21 -fomit-frame-pointer -march=armv7-a -mfloat-abi=softfp -mfpu=vfp -mthumb -fPIC -DANDROID -I/home/muya/.buildozer/android/platform/android-ndk-r25b/toolchains/llvm/prebuilt/linux-x86_64/sysroot/usr/include -I/home/muya/Projects/sm_m/pack_dir/.buildozer/android/platform/build-arm64-v8a_armeabi-v7a/build/python-installs/sherehemall/armeabi-v7a/include/python3.1 conftest.c >&5
configure:10755: $? = 0
configure:10770: /home/muya/.buildozer/android/platform/android-ndk-r25b/toolchains/llvm/prebuilt/linux-x86_64/bin/clang -target armv7a-linux-androideabi21 -fomit-frame-pointer -march=armv7-a -mfloat-abi=softfp -mfpu=vfp -mthumb -fPIC -shared  -fPIC -DPIC conftest.o  -v -Wl,-soname -Wl,conftest -o conftest 2\>\&1 \| /usr/bin/grep  -lc  \>/dev/null 2\>\&1
configure:10773: $? = 0
configure:10787: result: no
configure:10947: checking dynamic linker characteristics
configure:11765: result: Android linker
configure:11887: checking how to hardcode library paths into programs
configure:11912: result: immediate
configure:12460: checking whether stripping libraries is possible
configure:12465: result: yes
configure:12500: checking if libtool supports shared libraries
configure:12502: result: yes
configure:12505: checking whether to build shared libraries
configure:12530: result: yes
configure:12533: checking whether to build static libraries
configure:12537: result: no
configure:12578: checking that AWK works
configure:12584: result: ok
configure:12635: checking if we need to force back C standard to C89
configure:12651: /home/muya/.buildozer/android/platform/android-ndk-r25b/toolchains/llvm/prebuilt/linux-x86_64/bin/clang -target armv7a-linux-androideabi21 -fomit-frame-pointer -march=armv7-a -mfloat-abi=softfp -mfpu=vfp -mthumb -fPIC -c -target armv7a-linux-androideabi21 -fomit-frame-pointer -march=armv7-a -mfloat-abi=softfp -mfpu=vfp -mthumb -fPIC -DANDROID -I/home/muya/.buildozer/android/platform/android-ndk-r25b/toolchains/llvm/prebuilt/linux-x86_64/sysroot/usr/include -I/home/muya/Projects/sm_m/pack_dir/.buildozer/android/platform/build-arm64-v8a_armeabi-v7a/build/python-installs/sherehemall/armeabi-v7a/include/python3.1 conftest.c >&5
configure:12651: $? = 0
configure:12652: result: no
configure:12667: checking for ANSI C header files
configure:12771: result: yes
configure:12781: checking for an ANSI C-conforming const
configure:12847: /home/muya/.buildozer/android/platform/android-ndk-r25b/toolchains/llvm/prebuilt/linux-x86_64/bin/clang -target armv7a-linux-androideabi21 -fomit-frame-pointer -march=armv7-a -mfloat-abi=softfp -mfpu=vfp -mthumb -fPIC -c -target armv7a-linux-androideabi21 -fomit-frame-pointer -march=armv7-a -mfloat-abi=softfp -mfpu=vfp -mthumb -fPIC -DANDROID -I/home/muya/.buildozer/android/platform/android-ndk-r25b/toolchains/llvm/prebuilt/linux-x86_64/sysroot/usr/include -I/home/muya/Projects/sm_m/pack_dir/.buildozer/android/platform/build-arm64-v8a_armeabi-v7a/build/python-installs/sherehemall/armeabi-v7a/include/python3.1 conftest.c >&5
configure:12847: $? = 0
configure:12854: result: yes
configure:12862: checking for size_t
configure:12862: /home/muya/.buildozer/android/platform/android-ndk-r25b/toolchains/llvm/prebuilt/linux-x86_64/bin/clang -target armv7a-linux-androideabi21 -fomit-frame-pointer -march=armv7-a -mfloat-abi=softfp -mfpu=vfp -mthumb -fPIC -c -target armv7a-linux-androideabi21 -fomit-frame-pointer -march=armv7-a -mfloat-abi=softfp -mfpu=vfp -mthumb -fPIC -DANDROID -I/home/muya/.buildozer/android/platform/android-ndk-r25b/toolchains/llvm/prebuilt/linux-x86_64/sysroot/usr/include -I/home/muya/Projects/sm_m/pack_dir/.buildozer/android/platform/build-arm64-v8a_armeabi-v7a/build/python-installs/sherehemall/armeabi-v7a/include/python3.1 conftest.c >&5
configure:12862: $? = 0
configure:12862: /home/muya/.buildozer/android/platform/android-ndk-r25b/toolchains/llvm/prebuilt/linux-x86_64/bin/clang -target armv7a-linux-androideabi21 -fomit-frame-pointer -march=armv7-a -mfloat-abi=softfp -mfpu=vfp -mthumb -fPIC -c -target armv7a-linux-androideabi21 -fomit-frame-pointer -march=armv7-a -mfloat-abi=softfp -mfpu=vfp -mthumb -fPIC -DANDROID -I/home/muya/.buildozer/android/platform/android-ndk-r25b/toolchains/llvm/prebuilt/linux-x86_64/sysroot/usr/include -I/home/muya/Projects/sm_m/pack_dir/.buildozer/android/platform/build-arm64-v8a_armeabi-v7a/build/python-installs/sherehemall/armeabi-v7a/include/python3.1 conftest.c >&5
conftest.c:60:21: error: expected expression
if (sizeof ((size_t)))
                    ^
1 error generated.
configure:12862: $? = 1
configure: failed program was:
| /* confdefs.h */
| #define PACKAGE_NAME "libpng"
| #define PACKAGE_TARNAME "libpng"
| #define PACKAGE_VERSION "1.6.37"
| #define PACKAGE_STRING "libpng 1.6.37"
| #define PACKAGE_BUGREPORT "png-mng-implement@lists.sourceforge.net"
| #define PACKAGE_URL ""
| #define PACKAGE "libpng"
| #define VERSION "1.6.37"
| #define STDC_HEADERS 1
| #define HAVE_SYS_TYPES_H 1
| #define HAVE_SYS_STAT_H 1
| #define HAVE_STDLIB_H 1
| #define HAVE_STRING_H 1
| #define HAVE_MEMORY_H 1
| #define HAVE_STRINGS_H 1
| #define HAVE_INTTYPES_H 1
| #define HAVE_STDINT_H 1
| #define HAVE_UNISTD_H 1
| #define HAVE_DLFCN_H 1
| #define LT_OBJDIR ".libs/"
| #define STDC_HEADERS 1
| /* end confdefs.h.  */
| #include <stdio.h>
| #ifdef HAVE_SYS_TYPES_H
| # include <sys/types.h>
| #endif
| #ifdef HAVE_SYS_STAT_H
| # include <sys/stat.h>
| #endif
| #ifdef STDC_HEADERS
| # include <stdlib.h>
| # include <stddef.h>
| #else
| # ifdef HAVE_STDLIB_H
| #  include <stdlib.h>
| # endif
| #endif
| #ifdef HAVE_STRING_H
| # if !defined STDC_HEADERS && defined HAVE_MEMORY_H
| #  include <memory.h>
| # endif
| # include <string.h>
| #endif
| #ifdef HAVE_STRINGS_H
| # include <strings.h>
| #endif
| #ifdef HAVE_INTTYPES_H
| # include <inttypes.h>
| #endif
| #ifdef HAVE_STDINT_H
| # include <stdint.h>
| #endif
| #ifdef HAVE_UNISTD_H
| # include <unistd.h>
| #endif
| int
| main ()
| {
| if (sizeof ((size_t)))
| 	    return 0;
|   ;
|   return 0;
| }
configure:12862: result: yes
configure:12873: checking whether struct tm is in sys/time.h or time.h
configure:12893: /home/muya/.buildozer/android/platform/android-ndk-r25b/toolchains/llvm/prebuilt/linux-x86_64/bin/clang -target armv7a-linux-androideabi21 -fomit-frame-pointer -march=armv7-a -mfloat-abi=softfp -mfpu=vfp -mthumb -fPIC -c -target armv7a-linux-androideabi21 -fomit-frame-pointer -march=armv7-a -mfloat-abi=softfp -mfpu=vfp -mthumb -fPIC -DANDROID -I/home/muya/.buildozer/android/platform/android-ndk-r25b/toolchains/llvm/prebuilt/linux-x86_64/sysroot/usr/include -I/home/muya/Projects/sm_m/pack_dir/.buildozer/android/platform/build-arm64-v8a_armeabi-v7a/build/python-installs/sherehemall/armeabi-v7a/include/python3.1 conftest.c >&5
configure:12893: $? = 0
configure:12900: result: time.h
configure:12908: checking for C/C++ restrict keyword
configure:12933: /home/muya/.buildozer/android/platform/android-ndk-r25b/toolchains/llvm/prebuilt/linux-x86_64/bin/clang -target armv7a-linux-androideabi21 -fomit-frame-pointer -march=armv7-a -mfloat-abi=softfp -mfpu=vfp -mthumb -fPIC -c -target armv7a-linux-androideabi21 -fomit-frame-pointer -march=armv7-a -mfloat-abi=softfp -mfpu=vfp -mthumb -fPIC -DANDROID -I/home/muya/.buildozer/android/platform/android-ndk-r25b/toolchains/llvm/prebuilt/linux-x86_64/sysroot/usr/include -I/home/muya/Projects/sm_m/pack_dir/.buildozer/android/platform/build-arm64-v8a_armeabi-v7a/build/python-installs/sherehemall/armeabi-v7a/include/python3.1 conftest.c >&5
configure:12933: $? = 0
configure:12941: result: __restrict
configure:12956: checking for working strtod
configure:13007: result: no
configure:13016: checking for pow
configure:13016: /home/muya/.buildozer/android/platform/android-ndk-r25b/toolchains/llvm/prebuilt/linux-x86_64/bin/clang -target armv7a-linux-androideabi21 -fomit-frame-pointer -march=armv7-a -mfloat-abi=softfp -mfpu=vfp -mthumb -fPIC -o conftest -target armv7a-linux-androideabi21 -fomit-frame-pointer -march=armv7-a -mfloat-abi=softfp -mfpu=vfp -mthumb -fPIC -DANDROID -I/home/muya/.buildozer/android/platform/android-ndk-r25b/toolchains/llvm/prebuilt/linux-x86_64/sysroot/usr/include -I/home/muya/Projects/sm_m/pack_dir/.buildozer/android/platform/build-arm64-v8a_armeabi-v7a/build/python-installs/sherehemall/armeabi-v7a/include/python3.1   -L/home/muya/Projects/sm_m/pack_dir/.buildozer/android/platform/build-arm64-v8a_armeabi-v7a/build/libs_collections/sherehemall/armeabi-v7a conftest.c  >&5
conftest.c:48:6: warning: incompatible redeclaration of library function 'pow' [-Wincompatible-library-redeclaration]
char pow ();
     ^
conftest.c:48:6: note: 'pow' is a builtin with type 'double (double, double)'
1 warning generated.
ld: error: undefined symbol: pow
>>> referenced by conftest.c
>>>               /tmp/conftest-211c20.o:(main)
clang-14: error: linker command failed with exit code 1 (use -v to see invocation)
configure:13016: $? = 1
configure: failed program was:
| /* confdefs.h */
| #define PACKAGE_NAME "libpng"
| #define PACKAGE_TARNAME "libpng"
| #define PACKAGE_VERSION "1.6.37"
| #define PACKAGE_STRING "libpng 1.6.37"
| #define PACKAGE_BUGREPORT "png-mng-implement@lists.sourceforge.net"
| #define PACKAGE_URL ""
| #define PACKAGE "libpng"
| #define VERSION "1.6.37"
| #define STDC_HEADERS 1
| #define HAVE_SYS_TYPES_H 1
| #define HAVE_SYS_STAT_H 1
| #define HAVE_STDLIB_H 1
| #define HAVE_STRING_H 1
| #define HAVE_MEMORY_H 1
| #define HAVE_STRINGS_H 1
| #define HAVE_INTTYPES_H 1
| #define HAVE_STDINT_H 1
| #define HAVE_UNISTD_H 1
| #define HAVE_DLFCN_H 1
| #define LT_OBJDIR ".libs/"
| #define STDC_HEADERS 1
| #define restrict __restrict
| /* end confdefs.h.  */
| /* Define pow to an innocuous variant, in case <limits.h> declares pow.
|    For example, HP-UX 11i <limits.h> declares gettimeofday.  */
| #define pow innocuous_pow
| 
| /* System header to define __stub macros and hopefully few prototypes,
|     which can conflict with char pow (); below.
|     Prefer <limits.h> to <assert.h> if __STDC__ is defined, since
|     <limits.h> exists even on freestanding compilers.  */
| 
| #ifdef __STDC__
| # include <limits.h>
| #else
| # include <assert.h>
| #endif
| 
| #undef pow
| 
| /* Override any GCC internal prototype to avoid an error.
|    Use char because int might match the return type of a GCC
|    builtin and then its argument prototype would still apply.  */
| #ifdef __cplusplus
| extern "C"
| #endif
| char pow ();
| /* The GNU C library defines this for functions which it implements
|     to always fail with ENOSYS.  Some functions are actually named
|     something starting with __ and the normal name is an alias.  */
| #if defined __stub_pow || defined __stub___pow
| choke me
| #endif
| 
| int
| main ()
| {
| return pow ();
|   ;
|   return 0;
| }
configure:13016: result: no
configure:13022: checking for pow in -lm
configure:13047: /home/muya/.buildozer/android/platform/android-ndk-r25b/toolchains/llvm/prebuilt/linux-x86_64/bin/clang -target armv7a-linux-androideabi21 -fomit-frame-pointer -march=armv7-a -mfloat-abi=softfp -mfpu=vfp -mthumb -fPIC -o conftest -target armv7a-linux-androideabi21 -fomit-frame-pointer -march=armv7-a -mfloat-abi=softfp -mfpu=vfp -mthumb -fPIC -DANDROID -I/home/muya/.buildozer/android/platform/android-ndk-r25b/toolchains/llvm/prebuilt/linux-x86_64/sysroot/usr/include -I/home/muya/Projects/sm_m/pack_dir/.buildozer/android/platform/build-arm64-v8a_armeabi-v7a/build/python-installs/sherehemall/armeabi-v7a/include/python3.1   -L/home/muya/Projects/sm_m/pack_dir/.buildozer/android/platform/build-arm64-v8a_armeabi-v7a/build/libs_collections/sherehemall/armeabi-v7a conftest.c -lm   >&5
conftest.c:32:6: warning: incompatible redeclaration of library function 'pow' [-Wincompatible-library-redeclaration]
char pow ();
     ^
conftest.c:32:6: note: 'pow' is a builtin with type 'double (double, double)'
1 warning generated.
configure:13047: $? = 0
configure:13056: result: yes
configure:13071: checking for pow
configure:13071: result: no
configure:13078: checking for pow in -lm
configure:13112: result: yes
configure:13131: checking for clock_gettime
configure:13131: /home/muya/.buildozer/android/platform/android-ndk-r25b/toolchains/llvm/prebuilt/linux-x86_64/bin/clang -target armv7a-linux-androideabi21 -fomit-frame-pointer -march=armv7-a -mfloat-abi=softfp -mfpu=vfp -mthumb -fPIC -o conftest -target armv7a-linux-androideabi21 -fomit-frame-pointer -march=armv7-a -mfloat-abi=softfp -mfpu=vfp -mthumb -fPIC -DANDROID -I/home/muya/.buildozer/android/platform/android-ndk-r25b/toolchains/llvm/prebuilt/linux-x86_64/sysroot/usr/include -I/home/muya/Projects/sm_m/pack_dir/.buildozer/android/platform/build-arm64-v8a_armeabi-v7a/build/python-installs/sherehemall/armeabi-v7a/include/python3.1   -L/home/muya/Projects/sm_m/pack_dir/.buildozer/android/platform/build-arm64-v8a_armeabi-v7a/build/libs_collections/sherehemall/armeabi-v7a conftest.c -lm  >&5
configure:13131: $? = 0
configure:13131: result: yes
configure:13156: checking for zlibVersion in -lz
configure:13181: /home/muya/.buildozer/android/platform/android-ndk-r25b/toolchains/llvm/prebuilt/linux-x86_64/bin/clang -target armv7a-linux-androideabi21 -fomit-frame-pointer -march=armv7-a -mfloat-abi=softfp -mfpu=vfp -mthumb -fPIC -o conftest -target armv7a-linux-androideabi21 -fomit-frame-pointer -march=armv7-a -mfloat-abi=softfp -mfpu=vfp -mthumb -fPIC -DANDROID -I/home/muya/.buildozer/android/platform/android-ndk-r25b/toolchains/llvm/prebuilt/linux-x86_64/sysroot/usr/include -I/home/muya/Projects/sm_m/pack_dir/.buildozer/android/platform/build-arm64-v8a_armeabi-v7a/build/python-installs/sherehemall/armeabi-v7a/include/python3.1   -L/home/muya/Projects/sm_m/pack_dir/.buildozer/android/platform/build-arm64-v8a_armeabi-v7a/build/libs_collections/sherehemall/armeabi-v7a conftest.c -lz  -lm  >&5
configure:13181: $? = 0
configure:13190: result: yes
configure:13255: checking for feenableexcept in -lm
configure:13280: /home/muya/.buildozer/android/platform/android-ndk-r25b/toolchains/llvm/prebuilt/linux-x86_64/bin/clang -target armv7a-linux-androideabi21 -fomit-frame-pointer -march=armv7-a -mfloat-abi=softfp -mfpu=vfp -mthumb -fPIC -o conftest -target armv7a-linux-androideabi21 -fomit-frame-pointer -march=armv7-a -mfloat-abi=softfp -mfpu=vfp -mthumb -fPIC -DANDROID -I/home/muya/.buildozer/android/platform/android-ndk-r25b/toolchains/llvm/prebuilt/linux-x86_64/sysroot/usr/include -I/home/muya/Projects/sm_m/pack_dir/.buildozer/android/platform/build-arm64-v8a_armeabi-v7a/build/python-installs/sherehemall/armeabi-v7a/include/python3.1   -L/home/muya/Projects/sm_m/pack_dir/.buildozer/android/platform/build-arm64-v8a_armeabi-v7a/build/libs_collections/sherehemall/armeabi-v7a conftest.c -lm  -lz -lm  >&5
configure:13280: $? = 0
configure:13289: result: yes
configure:13302: checking for feenableexcept
configure:13302: /home/muya/.buildozer/android/platform/android-ndk-r25b/toolchains/llvm/prebuilt/linux-x86_64/bin/clang -target armv7a-linux-androideabi21 -fomit-frame-pointer -march=armv7-a -mfloat-abi=softfp -mfpu=vfp -mthumb -fPIC -o conftest -target armv7a-linux-androideabi21 -fomit-frame-pointer -march=armv7-a -mfloat-abi=softfp -mfpu=vfp -mthumb -fPIC -DANDROID -I/home/muya/.buildozer/android/platform/android-ndk-r25b/toolchains/llvm/prebuilt/linux-x86_64/sysroot/usr/include -I/home/muya/Projects/sm_m/pack_dir/.buildozer/android/platform/build-arm64-v8a_armeabi-v7a/build/python-installs/sherehemall/armeabi-v7a/include/python3.1   -L/home/muya/Projects/sm_m/pack_dir/.buildozer/android/platform/build-arm64-v8a_armeabi-v7a/build/libs_collections/sherehemall/armeabi-v7a conftest.c -lm -lz -lm  >&5
configure:13302: $? = 0
configure:13302: result: yes
configure:13312: checking if using Solaris linker
configure:13321: result: no
configure:13333: checking if libraries can be versioned
configure:13354: result: yes
configure:13376: checking for symbol prefix
configure:13383: result: 
configure:13405: pkgconfig directory is ${libdir}/pkgconfig
configure:13766: Extra options for compiler: 
configure:13876: checking that generated files are newer than configure
configure:13882: result: done
configure:13957: creating ./config.status

## ---------------------- ##
## Running config.status. ##
## ---------------------- ##

This file was extended by libpng config.status 1.6.37, which was
generated by GNU Autoconf 2.69.  Invocation command line was

  CONFIG_FILES    = 
  CONFIG_HEADERS  = 
  CONFIG_LINKS    = 
  CONFIG_COMMANDS = 
  $ ./config.status 

on latitude-5490

config.status:1146: creating Makefile
config.status:1146: creating libpng.pc
config.status:1146: creating libpng-config
config.status:1146: creating config.h
config.status:1375: executing depfiles commands
config.status:1452: cd .       && sed -e '/# am--include-marker/d' Makefile         | make -j8 -f - am--depfiles
config.status:1457: $? = 0
config.status:1375: executing libtool commands

## ---------------- ##
## Cache variables. ##
## ---------------- ##

ac_cv_build=x86_64-pc-linux-gnu
ac_cv_c_compiler_gnu=yes
ac_cv_c_const=yes
ac_cv_c_restrict=__restrict
ac_cv_env_CCASFLAGS_set=
ac_cv_env_CCASFLAGS_value=
ac_cv_env_CCAS_set=
ac_cv_env_CCAS_value=
ac_cv_env_CC_set=set
ac_cv_env_CC_value='/home/muya/.buildozer/android/platform/android-ndk-r25b/toolchains/llvm/prebuilt/linux-x86_64/bin/clang -target armv7a-linux-androideabi21 -fomit-frame-pointer -march=armv7-a -mfloat-abi=softfp -mfpu=vfp -mthumb -fPIC'
ac_cv_env_CFLAGS_set=set
ac_cv_env_CFLAGS_value='-target armv7a-linux-androideabi21 -fomit-frame-pointer -march=armv7-a -mfloat-abi=softfp -mfpu=vfp -mthumb -fPIC'
ac_cv_env_CPPFLAGS_set=set
ac_cv_env_CPPFLAGS_value='-DANDROID -I/home/muya/.buildozer/android/platform/android-ndk-r25b/toolchains/llvm/prebuilt/linux-x86_64/sysroot/usr/include -I/home/muya/Projects/sm_m/pack_dir/.buildozer/android/platform/build-arm64-v8a_armeabi-v7a/build/python-installs/sherehemall/armeabi-v7a/include/python3.1'
ac_cv_env_CPP_set=
ac_cv_env_CPP_value=
ac_cv_env_LDFLAGS_set=set
ac_cv_env_LDFLAGS_value='  -L/home/muya/Projects/sm_m/pack_dir/.buildozer/android/platform/build-arm64-v8a_armeabi-v7a/build/libs_collections/sherehemall/armeabi-v7a'
ac_cv_env_LIBS_set=
ac_cv_env_LIBS_value=
ac_cv_env_LT_SYS_LIBRARY_PATH_set=
ac_cv_env_LT_SYS_LIBRARY_PATH_value=
ac_cv_env_PNG_COPTS_set=
ac_cv_env_PNG_COPTS_value=
ac_cv_env_build_alias_set=
ac_cv_env_build_alias_value=
ac_cv_env_host_alias_set=set
ac_cv_env_host_alias_value=arm-linux-androideabi
ac_cv_env_target_alias_set=set
ac_cv_env_target_alias_value=arm-linux-androideabi
ac_cv_func_clock_gettime=yes
ac_cv_func_feenableexcept=yes
ac_cv_func_pow=no
ac_cv_func_strtod=no
ac_cv_header_dlfcn_h=yes
ac_cv_header_inttypes_h=yes
ac_cv_header_memory_h=yes
ac_cv_header_stdc=yes
ac_cv_header_stdint_h=yes
ac_cv_header_stdlib_h=yes
ac_cv_header_string_h=yes
ac_cv_header_strings_h=yes
ac_cv_header_sys_stat_h=yes
ac_cv_header_sys_types_h=yes
ac_cv_header_unistd_h=yes
ac_cv_host=arm-unknown-linux-androideabi
ac_cv_lib_m_feenableexcept=yes
ac_cv_lib_m_pow=yes
ac_cv_lib_z_zlibVersion=yes
ac_cv_objext=o
ac_cv_path_EGREP='/usr/bin/grep -E'
ac_cv_path_FGREP='/usr/bin/grep -F'
ac_cv_path_GREP=/usr/bin/grep
ac_cv_path_SED=/usr/bin/sed
ac_cv_path_install='/usr/bin/install -c'
ac_cv_path_lt_DD=/usr/bin/dd
ac_cv_path_mkdir=/usr/bin/mkdir
ac_cv_prog_AR=/home/muya/.buildozer/android/platform/android-ndk-r25b/toolchains/llvm/prebuilt/linux-x86_64/bin/llvm-ar
ac_cv_prog_AWK=mawk
ac_cv_prog_CC='/home/muya/.buildozer/android/platform/android-ndk-r25b/toolchains/llvm/prebuilt/linux-x86_64/bin/clang -target armv7a-linux-androideabi21 -fomit-frame-pointer -march=armv7-a -mfloat-abi=softfp -mfpu=vfp -mthumb -fPIC'
ac_cv_prog_CPP='/home/muya/.buildozer/android/platform/android-ndk-r25b/toolchains/llvm/prebuilt/linux-x86_64/bin/clang -target armv7a-linux-androideabi21 -fomit-frame-pointer -march=armv7-a -mfloat-abi=softfp -mfpu=vfp -mthumb -fPIC -E'
ac_cv_prog_RANLIB=/home/muya/.buildozer/android/platform/android-ndk-r25b/toolchains/llvm/prebuilt/linux-x86_64/bin/llvm-ranlib
ac_cv_prog_STRIP='/home/muya/.buildozer/android/platform/android-ndk-r25b/toolchains/llvm/prebuilt/linux-x86_64/bin/llvm-strip --strip-unneeded'
ac_cv_prog_ac_ct_DUMPBIN='link -dump'
ac_cv_prog_ac_ct_MANIFEST_TOOL=mt
ac_cv_prog_ac_ct_OBJDUMP=objdump
ac_cv_prog_cc_c89=
ac_cv_prog_cc_g=yes
ac_cv_prog_make_make_set=yes
ac_cv_struct_tm=time.h
ac_cv_type_size_t=yes
am_cv_CCAS_dependencies_compiler_type=gcc3
am_cv_CC_dependencies_compiler_type=gcc3
am_cv_make_support_nested_variables=yes
am_cv_prog_cc_c_o=yes
lt_cv_ar_at_file=@
lt_cv_archive_cmds_need_lc=no
lt_cv_deplibs_check_method=pass_all
lt_cv_file_magic_cmd='$MAGIC_CMD'
lt_cv_file_magic_test_file=
lt_cv_ld_reload_flag=-r
lt_cv_nm_interface='BSD nm'
lt_cv_objdir=.libs
lt_cv_path_LD=/home/muya/.buildozer/android/platform/android-ndk-r25b/toolchains/llvm/prebuilt/linux-x86_64/bin/ld
lt_cv_path_NM=no
lt_cv_path_mainfest_tool=no
lt_cv_prog_compiler_c_o=yes
lt_cv_prog_compiler_pic='-fPIC -DPIC'
lt_cv_prog_compiler_pic_works=yes
lt_cv_prog_compiler_rtti_exceptions=yes
lt_cv_prog_compiler_static_works=yes
lt_cv_prog_gnu_ld=yes
lt_cv_sharedlib_from_linklib_cmd='printf %s\n'
lt_cv_sys_global_symbol_pipe='sed -n -e '\''s/^.*[	 ]\([ABCDGIRSTW][ABCDGIRSTW]*\)[	 ][	 ]*\([_A-Za-z][_A-Za-z0-9]*\)$/\1 \2 \2/p'\'' | sed '\''/ __gnu_lto/d'\'''
lt_cv_sys_global_symbol_to_c_name_address='sed -n -e '\''s/^: \(.*\) .*$/  {"\1", (void *) 0},/p'\'' -e '\''s/^[ABCDGIRSTW][ABCDGIRSTW]* .* \(.*\)$/  {"\1", (void *) \&\1},/p'\'''
lt_cv_sys_global_symbol_to_c_name_address_lib_prefix='sed -n -e '\''s/^: \(.*\) .*$/  {"\1", (void *) 0},/p'\'' -e '\''s/^[ABCDGIRSTW][ABCDGIRSTW]* .* \(lib.*\)$/  {"\1", (void *) \&\1},/p'\'' -e '\''s/^[ABCDGIRSTW][ABCDGIRSTW]* .* \(.*\)$/  {"lib\1", (void *) \&\1},/p'\'''
lt_cv_sys_global_symbol_to_cdecl='sed -n -e '\''s/^T .* \(.*\)$/extern int \1();/p'\'' -e '\''s/^[ABCDGIRSTW][ABCDGIRSTW]* .* \(.*\)$/extern char \1;/p'\'''
lt_cv_sys_global_symbol_to_import=
lt_cv_sys_max_cmd_len=1572864
lt_cv_to_host_file_cmd=func_convert_file_noop
lt_cv_to_tool_file_cmd=func_convert_file_noop
lt_cv_truncate_bin='/usr/bin/dd bs=4096 count=1'

## ----------------- ##
## Output variables. ##
## ----------------- ##

ACLOCAL='${SHELL} /home/muya/Projects/sm_m/pack_dir/.buildozer/android/platform/build-arm64-v8a_armeabi-v7a/build/other_builds/png/armeabi-v7a__ndk_target_21/png/missing aclocal-1.16'
AMDEPBACKSLASH='\'
AMDEP_FALSE='#'
AMDEP_TRUE=''
AMTAR='$${TAR-tar}'
AM_BACKSLASH='\'
AM_DEFAULT_V='$(AM_DEFAULT_VERBOSITY)'
AM_DEFAULT_VERBOSITY='1'
AM_V='$(V)'
AR='/home/muya/.buildozer/android/platform/android-ndk-r25b/toolchains/llvm/prebuilt/linux-x86_64/bin/llvm-ar'
AS='as'
AUTOCONF='${SHELL} /home/muya/Projects/sm_m/pack_dir/.buildozer/android/platform/build-arm64-v8a_armeabi-v7a/build/other_builds/png/armeabi-v7a__ndk_target_21/png/missing autoconf'
AUTOHEADER='${SHELL} /home/muya/Projects/sm_m/pack_dir/.buildozer/android/platform/build-arm64-v8a_armeabi-v7a/build/other_builds/png/armeabi-v7a__ndk_target_21/png/missing autoheader'
AUTOMAKE='${SHELL} /home/muya/Projects/sm_m/pack_dir/.buildozer/android/platform/build-arm64-v8a_armeabi-v7a/build/other_builds/png/armeabi-v7a__ndk_target_21/png/missing automake-1.16'
AWK='mawk'
CC='/home/muya/.buildozer/android/platform/android-ndk-r25b/toolchains/llvm/prebuilt/linux-x86_64/bin/clang -target armv7a-linux-androideabi21 -fomit-frame-pointer -march=armv7-a -mfloat-abi=softfp -mfpu=vfp -mthumb -fPIC'
CCAS='/home/muya/.buildozer/android/platform/android-ndk-r25b/toolchains/llvm/prebuilt/linux-x86_64/bin/clang -target armv7a-linux-androideabi21 -fomit-frame-pointer -march=armv7-a -mfloat-abi=softfp -mfpu=vfp -mthumb -fPIC'
CCASDEPMODE='depmode=gcc3'
CCASFLAGS='-target armv7a-linux-androideabi21 -fomit-frame-pointer -march=armv7-a -mfloat-abi=softfp -mfpu=vfp -mthumb -fPIC'
CCDEPMODE='depmode=gcc3'
CFLAGS='-target armv7a-linux-androideabi21 -fomit-frame-pointer -march=armv7-a -mfloat-abi=softfp -mfpu=vfp -mthumb -fPIC'
CPP='/home/muya/.buildozer/android/platform/android-ndk-r25b/toolchains/llvm/prebuilt/linux-x86_64/bin/clang -target armv7a-linux-androideabi21 -fomit-frame-pointer -march=armv7-a -mfloat-abi=softfp -mfpu=vfp -mthumb -fPIC -E'
CPPFLAGS='-DANDROID -I/home/muya/.buildozer/android/platform/android-ndk-r25b/toolchains/llvm/prebuilt/linux-x86_64/sysroot/usr/include -I/home/muya/Projects/sm_m/pack_dir/.buildozer/android/platform/build-arm64-v8a_armeabi-v7a/build/python-installs/sherehemall/armeabi-v7a/include/python3.1'
CYGPATH_W='echo'
DEFS='-DHAVE_CONFIG_H'
DEPDIR='.deps'
DFNCPP='/home/muya/.buildozer/android/platform/android-ndk-r25b/toolchains/llvm/prebuilt/linux-x86_64/bin/clang -target armv7a-linux-androideabi21 -fomit-frame-pointer -march=armv7-a -mfloat-abi=softfp -mfpu=vfp -mthumb -fPIC -E'
DLLTOOL='false'
DO_INSTALL_LIBPNG_CONFIG_FALSE='#'
DO_INSTALL_LIBPNG_CONFIG_TRUE=''
DO_INSTALL_LIBPNG_PC_FALSE='#'
DO_INSTALL_LIBPNG_PC_TRUE=''
DO_INSTALL_LINKS_FALSE='#'
DO_INSTALL_LINKS_TRUE=''
DO_PNG_PREFIX_FALSE=''
DO_PNG_PREFIX_TRUE='#'
DSYMUTIL=''
DUMPBIN=':'
ECHO_C=''
ECHO_N='-n'
ECHO_T=''
EGREP='/usr/bin/grep -E'
EXEEXT=''
FGREP='/usr/bin/grep -F'
GREP='/usr/bin/grep'
HAVE_CLOCK_GETTIME_FALSE='#'
HAVE_CLOCK_GETTIME_TRUE=''
HAVE_LD_VERSION_SCRIPT_FALSE='#'
HAVE_LD_VERSION_SCRIPT_TRUE=''
HAVE_SOLARIS_LD_FALSE=''
HAVE_SOLARIS_LD_TRUE='#'
INSTALL_DATA='${INSTALL} -m 644'
INSTALL_PROGRAM='${INSTALL}'
INSTALL_SCRIPT='${INSTALL}'
INSTALL_STRIP_PROGRAM='$(install_sh) -c -s'
LD='/home/muya/.buildozer/android/platform/android-ndk-r25b/toolchains/llvm/prebuilt/linux-x86_64/bin/ld'
LDFLAGS='  -L/home/muya/Projects/sm_m/pack_dir/.buildozer/android/platform/build-arm64-v8a_armeabi-v7a/build/libs_collections/sherehemall/armeabi-v7a'
LIBOBJS=' ${LIBOBJDIR}strtod$U.o'
LIBS='-lm -lz -lm '
LIBTOOL='$(SHELL) $(top_builddir)/libtool'
LIPO=''
LN_S='ln -s'
LTLIBOBJS=' ${LIBOBJDIR}strtod$U.lo'
LT_SYS_LIBRARY_PATH=''
MAINT='#'
MAINTAINER_MODE_FALSE=''
MAINTAINER_MODE_TRUE='#'
MAKEINFO='${SHELL} /home/muya/Projects/sm_m/pack_dir/.buildozer/android/platform/build-arm64-v8a_armeabi-v7a/build/other_builds/png/armeabi-v7a__ndk_target_21/png/missing makeinfo'
MANIFEST_TOOL=':'
MKDIR_P='/usr/bin/mkdir -p'
NM='nm'
NMEDIT=''
OBJDUMP='objdump'
OBJEXT='o'
OTOOL64=''
OTOOL=''
PACKAGE='libpng'
PACKAGE_BUGREPORT='png-mng-implement@lists.sourceforge.net'
PACKAGE_NAME='libpng'
PACKAGE_STRING='libpng 1.6.37'
PACKAGE_TARNAME='libpng'
PACKAGE_URL=''
PACKAGE_VERSION='1.6.37'
PATH_SEPARATOR=':'
PNGLIB_MAJOR='1'
PNGLIB_MINOR='6'
PNGLIB_RELEASE='37'
PNGLIB_VERSION='1.6.37'
PNG_ARM_NEON_FALSE='#'
PNG_ARM_NEON_TRUE=''
PNG_COPTS=''
PNG_INTEL_SSE_FALSE=''
PNG_INTEL_SSE_TRUE='#'
PNG_MIPS_MSA_FALSE='#'
PNG_MIPS_MSA_TRUE=''
PNG_POWERPC_VSX_FALSE='#'
PNG_POWERPC_VSX_TRUE=''
PNG_PREFIX=''
POW_LIB='-lm'
RANLIB='/home/muya/.buildozer/android/platform/android-ndk-r25b/toolchains/llvm/prebuilt/linux-x86_64/bin/llvm-ranlib'
SED='/usr/bin/sed'
SET_MAKE=''
SHELL='/bin/bash'
STRIP='/home/muya/.buildozer/android/platform/android-ndk-r25b/toolchains/llvm/prebuilt/linux-x86_64/bin/llvm-strip --strip-unneeded'
SYMBOL_PREFIX=''
VERSION='1.6.37'
ac_ct_AR=''
ac_ct_CC=''
ac_ct_DUMPBIN='link -dump'
am__EXEEXT_FALSE=''
am__EXEEXT_TRUE='#'
am__fastdepCCAS_FALSE='#'
am__fastdepCCAS_TRUE=''
am__fastdepCC_FALSE='#'
am__fastdepCC_TRUE=''
am__include='include'
am__isrc=''
am__leading_dot='.'
am__nodep='_no'
am__quote=''
am__tar='$${TAR-tar} chof - "$$tardir"'
am__untar='$${TAR-tar} xf -'
binconfigs='${binconfigs}'
bindir='${exec_prefix}/bin'
build='x86_64-pc-linux-gnu'
build_alias=''
build_cpu='x86_64'
build_os='linux-gnu'
build_vendor='pc'
datadir='${datarootdir}'
datarootdir='${prefix}/share'
docdir='${datarootdir}/doc/${PACKAGE_TARNAME}'
dvidir='${docdir}'
exec_prefix='${prefix}'
host='arm-unknown-linux-androideabi'
host_alias='arm-linux-androideabi'
host_cpu='arm'
host_os='linux-androideabi'
host_vendor='unknown'
htmldir='${docdir}'
includedir='${prefix}/include'
infodir='${datarootdir}/info'
install_sh='${SHELL} /home/muya/Projects/sm_m/pack_dir/.buildozer/android/platform/build-arm64-v8a_armeabi-v7a/build/other_builds/png/armeabi-v7a__ndk_target_21/png/install-sh'
libdir='${exec_prefix}/lib'
libexecdir='${exec_prefix}/libexec'
localedir='${datarootdir}/locale'
localstatedir='${prefix}/var'
mandir='${datarootdir}/man'
mkdir_p='$(MKDIR_P)'
oldincludedir='/usr/include'
pdfdir='${docdir}'
pkgconfigdir='${libdir}/pkgconfig'
prefix='/home/muya/Projects/sm_m/pack_dir/.buildozer/android/platform/build-arm64-v8a_armeabi-v7a/build/other_builds/png/armeabi-v7a__ndk_target_21/png/install'
program_transform_name='s,x,x,'
psdir='${docdir}'
sbindir='${exec_prefix}/sbin'
sharedstatedir='${prefix}/com'
sysconfdir='${prefix}/etc'
target_alias='arm-linux-androideabi'

## ----------- ##
## confdefs.h. ##
## ----------- ##

/* confdefs.h */
#define PACKAGE_NAME "libpng"
#define PACKAGE_TARNAME "libpng"
#define PACKAGE_VERSION "1.6.37"
#define PACKAGE_STRING "libpng 1.6.37"
#define PACKAGE_BUGREPORT "png-mng-implement@lists.sourceforge.net"
#define PACKAGE_URL ""
#define PACKAGE "libpng"
#define VERSION "1.6.37"
#define STDC_HEADERS 1
#define HAVE_SYS_TYPES_H 1
#define HAVE_SYS_STAT_H 1
#define HAVE_STDLIB_H 1
#define HAVE_STRING_H 1
#define HAVE_MEMORY_H 1
#define HAVE_STRINGS_H 1
#define HAVE_INTTYPES_H 1
#define HAVE_STDINT_H 1
#define HAVE_UNISTD_H 1
#define HAVE_DLFCN_H 1
#define LT_OBJDIR ".libs/"
#define STDC_HEADERS 1
#define restrict __restrict
#define HAVE_LIBM 1
#define HAVE_LIBZ 1
#define HAVE_LIBM 1
#define HAVE_FEENABLEEXCEPT 1

configure: exit 0
